1167
1453
3633
2971
3727
3017
1585
1167
1167
1167
1167
1167
1167
1167
1167
1167
1167
1167
1167
1167
1167
1167
1167
1167
1167
1167
1167
1167
1196
1198
1202
1201
1201
1201
1204
1204
1205
1204
1202
1202
1202
1202
1203
1202
1202
1202
1202
1202
1203
1202
1202
1202
1202
1202
1202
1202
1202
1202
1203
1202
1202
1202
1202
1202
1203
1202
1202
1202
1202
1201
1202
1201
1201
1201
1201
1201
1201
1201
1201
1201
1201
1201
1201
1201
1201
1201
1201
1201
1201
1201
1201
1201
1201
1201
1201
1303
1178
1177
1178
1178
1178
1178
1178
1178
1178
1145
1145
1145
1145
1145
1146
1145
1145
1145
1145
1145
1146
1145
1145
1145
1145
1145
1145
1145
1145
1145
1146
1145
1144
1144
1141
1141
1143
1142
1142
1142
1142
1142
1143
1142
1142
1142
1142
7938
4751
4550
14400
10418
9434
13570
6647
4546
4598
10418
11662
9770
9714
13746
8314
13122
15315
5410
15818
13746
5558
14612
15315
10418
6068
11662
11662
11660
13571
4548
11738
13338
8964
6612
12841
8164
14397
7452
4578
15326
10431
14060
8710
11674
11674
14616
9426
13582
13582
4556
13759
4584
7978
14060
11578
4696
7191
10430
14060
11674
5936
11990
12075
9586
12010
4560
10430
4556
9207
4561
4559
6117
10431
11675
13760
15155
13759
7553
11375
14959
13351
5901
4577
17629
14062
11675
5939
4559
18147
14505
14498
14507
14507
19673
1155
3603
4708
15155
11675
12853
10219
16141
6028
4557
6835
4565
12383
6117
4578
13583
13759
13583
14625
14061
13153
4639
10431
4617
4560
4647
8177
8365
4559
5027
5828
5363
12645
12063
10431
13759
13584
5971
8497
14061
14959
5869
11678
14367
11673
4559
4557
13583
6042
14959
14631
10431
13583
4679
15155
4555
13351
4633
14618
13623
4557
11673
5365
4609
10466
10431
13699
5847
4593
13583
14808
4557
4559
8615
4557
11679
9728
10219
14635
15253
11847
11583
8824
13615
14625
9467
14057
7625
11751
14487
21507
14505
14498
14507
14507
19673
1155
1155
1156
21875
3431
4273
1155
4185
1500
1155
1155
1155
23403
1158
1156
1155
2681
18215
23321
23321
23322
23321
4207
16263
23307
23307
23307
1155
1155
7965
4764
13191
14617
10431
15831
12823
4596
14959
4645
8173
11675
11673
11676
10143
10431
13759
15831
10431
14058
14797
10431
5899
4557
4645
14062
14797
10431
11675
8275
11673
13151
13351
14959
14417
10432
11115
14413
4559
4605
13759
10432
13583
10429
5365
4559
11675
11680
11673
14061
4555
14625
10431
15328
4573
10431
14617
4659
9507
10210
13759
4625
11011
11675
11673
14621
14797
14413
13759
13760
14721
4577
6883
4679
4559
4658
11539
11675
7035
10483
9411
4556
10555
15327
10431
4561
11811
4560
14487
14505
19671
14505
14507
14508
19673
1155
3363
6297
4835
4813
8163
4801
5335
8038
8165
8636
8352
8352
7390
8413
6905
9469
7389
9327
7553
8164
5564
8166
8422
8246
5074
8242
7950
6256
8356
8242
8094
5032
8165
8265
10017
8635
9071
8939
9223
8477
4771
9108
6440
8328
8242
8040
8352
8242
8352
8242
9108
8092
7696
8850
8603
8791
9531
8165
8145
8406
8242
8246
9176
8638
6840
8166
7758
8122
8244
9848
9848
9848
1158
1158
1158
1158
1157
1157
6487
4837
4995
8406
9072
9388
8406
8042
8242
9082
8372
8092
4642
8256
5384
8470
4787
7757
8405
8335
8165
8352
6004
8478
6628
9600
8470
6630
8406
4822
8242
8166
4644
9504
8790
9436
9244
8184
4645
8041
8091
8041
8091
8352
10012
8352
8790
7268
4644
9388
8560
9094
8354
9072
8788
9142
8165
8241
5069
4643
8041
8787
9141
4645
9587
8242
9246
8406
8406
19528
11476
13268
13268
14990
13268
10912
13268
11476
13267
13267
14989
2499
22019
22020
14334
14334
14356
14356
1160
1161
1160
1946
2630
8664
8074
8664
6128
8320
6128
8664
6127
2637
6127
8663
6127
8320
2700
2640
9528
9854
2642
4468
8150
9492
8664
8664
8150
9492
8319
8663
8149
4669
2667
9008
9528
2638
9180
9528
9682
9332
9682
8664
2638
8664
6764
9332
6764
6128
2642
6128
9527
6127
3947
2637
2639
6128
2678
9528
9332
6128
9008
2640
8664
2638
2638
10792
10798
19314
17685
2641
8323
6111
8323
3169
8475
3153
9511
6112
2624
6112
2678
6112
8668
6112
8476
6112
2624
6112
8324
3176
8475
2623
9163
6111
8475
6112
4112
3162
9164
6112
8324
3156
5560
6112
3186
6112
8668
2678
2624
2648
8992
6112
8819
2661
8819
9511
2623
7804
2624
9164
9666
10372
8668
9164
8668
9512
2624
9496
2624
8820
6111
12567
17669
10781
10781
2942
3522
11498
4420
4048
4682
8920
12406
4438
3392
11340
8920
8364
13292
6708
11340
8920
7849
11171
11283
11495
8919
8918
11280
3392
11498
8920
11246
11246
6704
7932
5088
12064
11892
8918
11279
3419
4067
11245
11339
3513
8719
12405
11105
11340
8078
3392
9736
11246
10272
11278
11342
11018
11246
8920
11498
11498
8933
12217
6601
4699
3393
7052
3410
8920
4640
3428
11282
11280
9016
12406
11246
8920
8486
6280
8872
11246
8920
9074
15025
15027
15027
15027
17025
2748
9858
9336
9858
9336
11036
9666
4406
9028
9858
2788
4330
10870
2731
9495
2731
11035
2743
9666
7302
4474
7302
2734
10870
9858
2734
10524
9858
4510
8770
10870
11070
8316
10866
9496
11035
4473
9163
7301
2733
7302
10870
7302
9858
2734
15030
9336
9666
9666
2734
9496
4992
10596
7302
10182
7302
10182
2754
10524
3440
2734
10870
10524
10192
2734
12686
2750
10902
17790
4420
18656
18658
22110
22110
22110
15101
19813
19813
19817
23297
23298
23298
23304
23304
23304
23304
4360
18596
22042
22042
22042
3462
19756
19756
19756
23238
23238
23237
23237
23237
23237
23237
1158
1157
1157
1157
1157
1157
1158
1158
1158
1158
1158
1158
1158
1158
1158
1158
1158
1158
1158
1158
1158
1158
1158
1158
1158
1158
1158
1158
1158
1158
1158
1158
1158
1158
1158
1157
1157
1157
1157
1157
1158
1157
1157
1157
1157
1157
1158
1158
1158
1158
1158
1158
1158
1157
1157
1157
1157
1157
1157
1157
1157
1157
1158
1157
1157
1157
1157
1157
1158
1158
1158
1158
1158
1158
1158
1157
1157
1157
1157
1157
1158
1157
1157
1157
1157
1157
1158
1158
1158
1158
1158
1158
1158
1158
1158
1158
1158
1157
1157
1157
1157
1157
1158
1157
1157
1157
1157
1157
1158
1158
1158
1158
1158
1158
1158
1157
1157
1157
1157
1157
1158
1157
1157
1157
1157
1157
1157
1157
1157
1157
1158
1158
1158
1158
1158
1158
1158
1157
1157
1157
1157
1157
1158
1157
1157
1157
1157
1157
1158
1158
1158
1158
1158
1158
1158
1157
1157
1157
1157
1157
1157
1157
1157
1157
1158
1157
1157
1157
1157
1157
1158
1158
1158
1158
1158
1158
1158
1157
1157
1157
1157
1157
1158
1157
1157
1157
1157
1157
1158
1158
1158
1158
1158
1158
1158
1158
1158
1158
1158
1157
1157
1157
1157
1157
1158
1157
1157
1157
1157
1157
1158
1158
1158
1158
1158
1158
1158
1157
1157
1157
1157
1157
1158
1157
1157
1157
1157
1157
1157
1157
1157
1157
1158
1158
1158
1158
1158
1158
1158
1158
1158
1158
1155
1155
1156
1155
1155
1155
1155
1155
1156
1155
1155
1155
1155
1155
1156
1155
1155
1155
1155
1155
1155
1155
1155
1155
1156
1155
1155
1155
1155
1155
1156
1155
1155
1155
1155
1155
1156
1155
1155
1155
1155
1155
1156
1155
1155
1155
1155
1155
1156
1155
1155
1155
1155
1155
1155
1155
1155
1155
1156
1155
1155
1155
1155
1155
1156
1155
1155
1155
1155
1155
1156
1155
1155
1155
1155
1155
1156
1155
1155
1155
1155
1155
1156
1155
1155
1155
1155
1155
1155
1155
1155
1155
1156
1155
1155
1155
1155
1155
1156
1155
1155
1155
1155
1155
1156
1155
1155
1155
1155
1155
1156
1155
1155
1155
1155
1155
1156
1155
1155
1155
1155
1155
1155
1155
1155
1155
1156
1155
1155
1155
1155
1155
1156
1155
1155
1155
1155
1155
1156
1155
1155
1155
1155
1155
1156
1155
1155
1155
1155
1155
1156
1155
1155
1155
1155
1155
1155
1155
1155
1155
1156
1155
1155
1155
1155
1155
1156
1155
1155
1155
1155
1155
1156
1155
1155
1155
1155
1155
1156
1155
1155
1155
1155
1155
1156
1155
1155
1155
1155
1155
1155
1155
1155
1155
1156
1155
1155
1155
1155
1155
1156
1155
1155
1155
1155
1155
1156
1155
1155
1155
1155
1155
1156
1155
1155
1155
1155
1155
1156
1155
1155
1155
1155
1155
1155
1155
1155
1155
1156
1155
1155
1155
1155
1155
1156
1155
1155
1155
1155
1155
1156
1155
1155
1155
1155
1155
1156
1155
1155
1155
1155
1155
1156
1155
1155
1155
1155
1155
1155
1155
1155
1155
1156
1155
1155
1155
1155
1155
1156
1155
1155
1155
1155
1155
1156
1155
1155
1155
1155
1155
1156
1155
1155
1155
1155
1155
1156
1155
1155
1155
1155
1155
1155
1155
1155
1155
1156
1155
1155
1155
1155
1155
1156
1155
1155
1155
1155
1155
1156
1155
1155
1155
1155
1155
1156
1155
1155
1155
1155
1155
1156
1155
1155
1155
1155
1155
1155
1155
1155
1155
1156
1155
1155
1155
1155
1155
1156
1155
1155
1155
1155
1155
1156
1155
1155
1155
1155
1155
1156
1155
1155
1155
1155
1155
1156
1155
1155
1155
1155
1155
1155
1155
1155
1155
1156
1155
1155
1155
1155
1155
1156
1155
1155
1155
1155
1155
1156
1155
1155
1155
1155
1155
1156
1155
1155
1155
1155
1155
1156
1155
1155
1155
1155
1155
1155
1155
1155
1155
1156
1155
1155
1155
1155
1155
1156
1155
1155
1155
1155
1155
1156
1155
1155
1155
1155
1155
1156
1155
1155
1155
1155
1155
1156
1155
1155
1155
1155
1155
1155
1155
1155
1155
1156
1155
1155
1155
1155
1155
1156
1155
1155
1155
1155
1155
1156
1155
1155
1155
1155
1155
1156
1155
1155
1155
1155
1155
1156
1155
1155
1155
1155
1155
1155
1155
1155
1155
1156
1155
1155
1155
1155
1155
1156
1155
1155
1155
1155
1155
1156
1155
1155
1155
1155
1155
1156
1155
1155
1155
1155
1155
1156
1155
1155
1155
1155
1155
1155
1155
1155
1155
1156
1155
1155
1155
1155
1155
1156
1155
1155
1155
1155
1155
1156
1155
1155
1155
1155
1155
1156
1155
1155
1155
1155
1155
1156
1155
1155
1155
1155
1155
1155
1155
1155
1155
1156
1155
1155
1155
1155
1155
1156
1155
1155
1155
1155
1155
1156
1155
1155
1155
1155
1155
1156
1155
1155
1155
1155
1155
1156
1155
1155
1155
1155
1155
1155
1155
1155
1155
1156
1155
1155
1155
1155
1155
1156
1155
1155
1155
1155
1155
1156
1155
1155
1156
1156
1156
1156
1155
1124
1124
1124
1124
1125
1123
1123
1128
1191
1191
1191
1184
1184
1184
1184
1184
1184
14864
14864
13146
14992
13906
13906
13146
14346
13906
13906
13146
14346
13906
13906
13146
14346
13906
13906
13144
13722
13904
13904
13143
13721
13903
13903
13143
13721
13903
13903
13143
13722
13902
13904
13144
13722
13902
13904
13142
13144
13902
13904
13142
13144
13899
13903
13141
13143
13899
13904
13141
13143
13899
13903
13141
13144
13899
13903
13141
13143
13899
13903
13139
13143
13897
13904
13139
13143
13897
13903
13139
13144
13897
13903
15243
13143
4483
13904
15243
13143
14343
13903
15243
13144
14343
13903
13903
13143
14343
13904
13903
13143
14343
13903
13903
13143
14343
13903
13903
13144
14343
13903
13903
13143
13721
13904
13903
13143
13721
13903
13903
13144
13721
13903
13903
13143
13721
13906
13906
13146
13724
13904
13906
13146
13724
13904
13906
13144
13146
13904
13906
13144
13146
13902
13906
13144
13146
13902
13906
13144
13146
13902
13906
13144
13146
13902
13906
13144
13146
13902
13906
13142
13146
13900
13906
13142
13146
13900
13906
13142
13146
13900
13906
15246
13146
4484
13906
15246
13146
14346
13906
15246
13146
14346
13906
13906
13146
14346
13906
13906
13146
14346
13906
13906
13146
14346
13906
13906
13146
14346
13906
13906
13146
13724
13906
13906
13146
13724
13906
13906
13146
13724
13906
13906
13146
13724
1184
1184
7160
3996
9552
8878
9552
7916
9552
2650
8554
2720
4862
7750
2702
2658
9050
2652
8402
6078
8402
6078
9552
8878
3942
2684
9552
2648
2650
2726
2650
8230
2694
9584
2652
8878
6078
2652
3952
9050
9552
8878
8878
8402
9722
9552
8554
6078
9222
6078
9580
3506
8878
6078
8878
9552
8878
6078
4554
6078
12606
10824
2658
1184
2684
2666
2726
9034
5418
4226
9606
8518
4492
9206
8690
4372
9034
9554
4188
6154
2666
3830
9378
10970
8346
6154
9358
6154
8690
6154
9358
6154
4494
9554
2666
2744
3974
2724
4972
6154
9034
9554
9708
2666
2666
8862
9880
4048
9880
8346
9518
2688
5802
9358
5276
2664
9518
9518
4532
8862
9880
9554
8862
2668
12610
2678
10824
10824
7160
9034
8346
9034
11230
9554
6154
8690
6154
8518
9554
9358
2662
5040
3196
9554
6154
9034
9554
9034
6154
8862
6154
9880
9358
8518
3954
8346
2748
2736
6970
9554
4224
2662
2664
2698
4260
8346
9880
6156
9880
8174
9554
8174
4876
4356
2662
6154
2670
3854
8690
6154
8690
9554
9158
4098
9554
6154
8690
9554
12610
10824
17712
10824
1972
2684
8690
6154
8862
6154
10204
9554
9034
8862
2664
2664
7776
8862
9880
9034
9880
2682
6064
9606
7342
6154
2664
6154
9708
6154
9034
2666
10204
6154
9708
6154
10204
6154
8518
6154
2712
2666
9034
6154
8690
6154
9034
6154
4698
6154
9554
6154
2738
9554
4008
6154
9358
8690
2664
2664
9600
3972
8346
3942
9358
3940
2664
15980
10812
17712
17712
2634
2650
7830
8846
2648
9538
3210
8430
7830
9362
6138
9018
6138
8694
6138
8694
2714
9538
4530
8016
9538
8502
2702
9538
2650
8502
9538
8350
8502
9538
10398
9692
4042
9362
4224
9362
2650
4558
8350
9522
2650
9522
2652
6138
9018
9538
9018
6138
8502
3210
8502
2652
9538
4158
4006
2708
2650
11234
9864
9538
9692
9018
2652
19324
10784
17696
17696
1186
2684
9382
8554
8878
8554
10954
2712
6078
8554
6078
8878
8726
8230
3152
8230
9532
8230
9382
8058
8554
6078
4600
9552
8726
9222
9722
4504
8230
4066
2650
9722
2650
8878
6078
8230
6078
2650
6078
10066
6078
9382
9222
2648
9552
8230
9552
10238
8878
9552
9722
8058
8726
2652
9552
3208
8230
2650
12606
10828
10822
17716
2612
8518
6332
3122
6154
8690
5814
9594
3208
10204
2678
9518
8662
8346
9554
9708
8346
9554
8690
10394
8690
8518
9554
8176
8690
8176
9358
9554
8630
6154
8346
6154
9554
6154
8518
6154
2668
6154
8862
6154
9554
5550
9518
6154
4870
6556
9880
2664
9554
8346
2664
9554
8346
8690
9594
8690
9206
4088
2664
2668
17648
10816
17712
17712
2656
4544
9554
9358
6154
9034
6154
9554
6154
9034
6154
4338
9554
9708
9518
9518
2682
4224
6154
2664
8346
9880
2664
9554
8690
9708
8690
9034
9554
10394
8346
9598
9034
3902
3972
8176
8862
11230
8690
9554
8690
2664
8690
2664
8690
2688
8690
6154
7462
3196
9554
3198
9034
9554
8690
6154
9554
2664
9034
9606
12610
10824
2704
10824
1184
1184
1184
1184
1184
1184
1184
1184
1184
1184
1184
1184
1184
1184
1184
1184
1184
1184
1184
1184
1184
1184
1184
1184
1184
1184
1184
1184
1184
1184
1184
1184
1184
1184
1184
1184
1184
1184
1184
1184
1184
1184
1184
1184
1184
1184
1184
1184
1184
1184
1184
1184
1184
1184
1184
1184
1184
1184
1184
1184
1184
1184
1184
1184
1184
1184
1184
1184
1184
1184
1184
1184
1184
1184
1184
1184
1184
1184
1184
1184
1184
1184
1184
1184
1184
1184
1184
1184
1184
1184
1184
1184
1184
1184
1184
1184
1184
1184
1184
1184
1184
1184
1184
1184
1184
1184
1184
1184
1184
1184
1184
1184
1184
1184
1184
1184
1184
1183
1183
1183
1183
1183
1183
1183
1183
1184
1184
1184
1184
1184
1184
1184
1184
1184
1184
1184
1184
1184
1184
1184
1184
1184
1184
1184
1184
1184
1184
1184
1184
1184
1184
1184
1184
1184
1184
1184
1184
1184
1184
1184
1184
1184
1184
1184
1184
1184
1184
1184
1184
1184
1184
1184
1184
1184
1184
1184
1184
1184
1184
1184
1184
1184
1184
1184
1184
1184
1184
1184
1184
1184
1184
1184
1184
1184
1184
1184
1184
1184
1184
1184
1184
1184
1184
1184
1184
1184
1184
1184
1184
1184
1184
1184
1184
1184
1184
1184
1184
1184
1184
1184
1184
1184
1184
1184
1184
1184
1184
1184
1184
1184
1184
1184
1184
1184
1184
1184
1184
1184
1184
1184
1184
1184
1184
1184
1184
1184
1184
1184
1184
1184
1184
1184
1184
1184
1184
1184
1184
1184
1184
1184
1184
1184
1184
1184
1184
1184
1184
1184
1184
1184
1184
1184
1184
1184
1184
1184
1184
1184
1184
1184
1184
1184
1184
1184
1184
1184
1184
1184
1184
1184
1184
1184
1184
1184
1184
1184
1184
1184
1184
1184
1184
1184
1184
1184
1184
1184
1184
1184
1184
1184
1184
1184
1184
1184
1184
1184
1184
1184
1184
1184
1184
1184
1184
1184
1184
1184
1184
1184
1184
1184
1184
1184
1184
1184
1184
1184
1184
1184
1184
1184
1184
1184
1184
1184
1184
1184
1184
1184
1184
1184
1184
1184
1257
1289
1178
1181
1181
1182
1171
1171
1171
1170
1170
1168
1168
1175
1220
1220
1220
1221
1221
1221
1214
1214
1293
1285
1285
1285
1285
1285
1285
1285
1285
1285
1285
1285
1285
1285
1285
1285
1285
1285
1285
1281
1281
1281
1281
1284
1283
1283
1283
1283
1283
1283
1283
1283
1283
1283
1283
1283
1283
1283
1283
1283
1283
1283
1283
1283
1283
1283
1283
1283
1283
1283
1283
1283
1291
1287
1221
1167
1167
1167
1168
1168
1168
1168
